\BOOKMARK [1][]{section.1}{\376\377\000I\000n\000t\000r\000o\000d\000u\000c\000t\000i\000o\000n}{}% 1
\BOOKMARK [1][]{section.2}{\376\377\000M\000a\000t\000\351\000r\000i\000e\000l\000s\000\040\000\046\000\040\000M\000\351\000t\000h\000o\000d\000e\000s}{}% 2
\BOOKMARK [2][]{subsection.2.1}{\376\377\000R\000\351\000a\000l\000i\000s\000a\000t\000i\000o\000n\000\040\000d\000e\000\040\000D\000y\000n\000a\000m\000i\000q\000u\000e\000\040\000M\000o\000l\000\351\000c\000u\000l\000a\000i\000r\000e\000\040\000\050\000D\000M\000\051}{section.2}% 3
\BOOKMARK [2][]{subsection.2.2}{\376\377\000M\000\351\000t\000r\000i\000q\000u\000e\000s\000\040\000d\000'\000A\000n\000a\000l\000y\000s\000e\000\040\000S\000t\000r\000u\000c\000t\000u\000r\000a\000l\000e}{section.2}% 4
\BOOKMARK [2][]{subsection.2.3}{\376\377\000A\000n\000a\000l\000y\000s\000e\000\040\000m\000u\000l\000t\000i\000v\000a\000r\000i\000\351\000e}{section.2}% 5
\BOOKMARK [1][]{section.3}{\376\377\000R\000\351\000s\000u\000l\000t\000a\000t\000s}{}% 6
\BOOKMARK [2][]{subsection.3.1}{\376\377\000E\000t\000u\000d\000e\000\040\000d\000e\000\040\000l\000a\000\040\000d\000y\000n\000a\000m\000i\000q\000u\000e\000\040\000g\000l\000o\000b\000a\000l\000e\000\040\000d\000e\000\040\000l\000a\000\040\000P\000R\0002\000\040\000s\000e\000l\000o\000n\000\040\000l\000'\000\351\000t\000a\000t\000\040\000d\000e\000\040\000p\000r\000o\000t\000o\000n\000a\000t\000i\000o\000n}{section.3}% 7
\BOOKMARK [2][]{subsection.3.2}{\376\377\000E\000t\000u\000d\000e\000\040\000d\000e\000\040\000f\000l\000e\000x\000i\000b\000i\000l\000i\000t\000\351\000\040\000d\000e\000\040\000l\000a\000\040\000P\000R\0002\000\040\000s\000e\000l\000o\000n\000\040\000l\000'\000\351\000t\000a\000t\000\040\000d\000e\000\040\000p\000r\000o\000t\000o\000n\000a\000t\000i\000o\000n}{section.3}% 8
\BOOKMARK [2][]{subsection.3.3}{\376\377\000C\000a\000r\000a\000c\000t\000\351\000r\000i\000s\000a\000t\000i\000o\000n\000\040\000g\000\351\000o\000m\000\351\000t\000r\000i\000q\000u\000e\000\040\000d\000e\000s\000\040\000r\000\351\000g\000i\000o\000n\000s\000\040\000d\000'\000i\000n\000t\000\351\000r\000\352\000t}{section.3}% 9
\BOOKMARK [2][]{subsection.3.4}{\376\377\000A\000n\000a\000l\000y\000s\000e\000\040\000d\000e\000\040\000l\000a\000\040\000d\000y\000n\000a\000m\000i\000q\000u\000e\000\040\000d\000e\000s\000\040\000f\000l\000a\000p\000s\000\040\000:\000\040\000l\000a\000\040\000p\000r\000o\000j\000e\000c\000t\000i\000o\000n\000\040\000d\0005\0000\000B\0004\0009\000-\0005\0000\000A\000-\0005\0001\000A}{section.3}% 10
\BOOKMARK [2][]{subsection.3.5}{\376\377\000A\000n\000a\000l\000y\000s\000e\000\040\000d\000'\000e\000n\000v\000i\000r\000o\000n\000n\000e\000m\000e\000n\000t\000\040\000d\000u\000\040\000s\000i\000t\000e\000\040\000c\000a\000t\000a\000l\000y\000t\000i\000q\000u\000e\000\040\000:\000\040\000l\000e\000s\000\040\000r\000\351\000s\000e\000a\000u\000x\000\040\000d\000'\000i\000n\000t\000e\000r\000a\000c\000t\000i\000o\000n\000s}{section.3}% 11
\BOOKMARK [2][]{subsection.3.6}{\376\377\000A\000n\000a\000l\000y\000s\000e\000\040\000m\000u\000l\000t\000i\000v\000a\000r\000i\000\351\000e\000:\000\040\000c\000l\000a\000s\000s\000i\000f\000i\000c\000a\000t\000i\000o\000n\000\040\000h\000i\000\351\000r\000a\000r\000c\000h\000i\000q\000u\000e}{section.3}% 12
\BOOKMARK [2][]{subsection.3.7}{\376\377\000A\000n\000a\000l\000y\000s\000e\000\040\000m\000u\000l\000t\000i\000v\000a\000r\000i\000\351\000e\000:\000\040\000l\000'\000a\000r\000b\000r\000e\000\040\000d\000e\000\040\000d\000\351\000c\000i\000s\000i\000o\000n}{section.3}% 13
\BOOKMARK [2][]{subsection.3.8}{\376\377\000\311\000t\000u\000d\000e\000\040\000d\000e\000\040\000c\000o\000m\000p\000o\000r\000t\000e\000m\000e\000n\000t\000\040\000d\000u\000\040\000c\001\123\000u\000r\000\040\000p\000r\000o\000t\000e\000i\000q\000u\000e}{section.3}% 14
\BOOKMARK [1][]{section.4}{\376\377\000D\000i\000s\000c\000u\000s\000s\000i\000o\000n\000\040\000\046\000\040\000C\000o\000n\000c\000l\000u\000s\000i\000o\000n\000s}{}% 15
\BOOKMARK [1][]{section.5}{\376\377\000R\000e\000m\000e\000r\000c\000i\000e\000m\000e\000n\000t\000s}{}% 16
\BOOKMARK [1][]{section.5}{\376\377\000R\000\351\000f\000\351\000r\000e\000n\000c\000e\000s}{}% 17
\BOOKMARK [1][]{appendix.A}{\376\377\000A\000n\000n\000e\000x\000e\000s}{}% 18
\BOOKMARK [2][]{subsection.A.1}{\376\377\000P\000r\000o\000t\000o\000c\000o\000l\000e\000\040\000d\000e\000\040\000s\000i\000m\000u\000l\000a\000t\000i\000o\000n\000s\000\040\000d\000e\000\040\000d\000y\000n\000a\000m\000i\000q\000u\000e\000\040\000m\000o\000l\000\351\000c\000u\000l\000a\000i\000r\000e\000\040\000\050\000D\000M\000\051}{appendix.A}% 19
\BOOKMARK [2][]{subsection.A.2}{\376\377\000F\000o\000r\000m\000u\000l\000e\000\040\000d\000e\000\040\000R\000M\000S\000D}{appendix.A}% 20
\BOOKMARK [2][]{subsection.A.3}{\376\377\000F\000o\000r\000m\000u\000l\000e\000\040\000d\000e\000\040\000R\000M\000S\000F}{appendix.A}% 21
\BOOKMARK [2][]{subsection.A.4}{\376\377\000F\000i\000g\000u\000r\000e\000s\000\040\000a\000d\000d\000i\000t\000i\000o\000n\000n\000e\000l\000l\000e\000s}{appendix.A}% 22
